<testsuites id="" name="" tests="238" failures="4" skipped="233" errors="0" time="92.39365099999999">
<testsuite name="services.spec.ts" timestamp="2025-11-11T08:57:27.772Z" hostname="chromium" tests="14" failures="4" skipped="9" time="308.059" errors="0">
<testcase name="Services experience › EN services › services overview renders hero, grid, and CTA content" classname="services.spec.ts" time="77.004">
<failure message="services.spec.ts:31:11 services overview renders hero, grid, and CTA content" type="FAILURE">
<![CDATA[  [chromium] › services.spec.ts:31:11 › Services experience › EN services › services overview renders hero, grid, and CTA content 

    Error: expect(locator).toContainText(expected) failed

    Locator: locator('h1')
    Expected substring: "OUR SERVICES"
    Timeout: 5000ms
    Error: element(s) not found

    Call log:
      - Expect "toContainText" with timeout 5000ms
      - waiting for locator('h1')


      32 |         await page.goto(`${locale.basePath}/services`, { waitUntil: 'networkidle' });
      33 |
    > 34 |         await expect(page.locator('h1')).toContainText(servicesOverview.heroTitle);
         |                                          ^
      35 |         await expect(page.getByText(servicesOverview.heroSubtitle, { exact: false })).toBeVisible();
      36 |
      37 |         const serviceCards = Array.isArray(servicesOverview.services) ? servicesOverview.services : [];
        at C:\Users\HP\Desktop\internship\new_1\tests\services.spec.ts:34:42

    attachment #1: screenshot (image/png) ──────────────────────────────────────────────────────────
    ..\test-results\services-Services-experien-b7a44-s-hero-grid-and-CTA-content-chromium\test-failed-1.png
    ────────────────────────────────────────────────────────────────────────────────────────────────

    attachment #2: video (video/webm) ──────────────────────────────────────────────────────────────
    ..\test-results\services-Services-experien-b7a44-s-hero-grid-and-CTA-content-chromium\video.webm
    ────────────────────────────────────────────────────────────────────────────────────────────────

    Error Context: ..\test-results\services-Services-experien-b7a44-s-hero-grid-and-CTA-content-chromium\error-context.md

    Retry #1 ───────────────────────────────────────────────────────────────────────────────────────

    Error: expect(locator).toContainText(expected) failed

    Locator: locator('h1')
    Expected substring: "OUR SERVICES"
    Timeout: 5000ms
    Error: element(s) not found

    Call log:
      - Expect "toContainText" with timeout 5000ms
      - waiting for locator('h1')


      32 |         await page.goto(`${locale.basePath}/services`, { waitUntil: 'networkidle' });
      33 |
    > 34 |         await expect(page.locator('h1')).toContainText(servicesOverview.heroTitle);
         |                                          ^
      35 |         await expect(page.getByText(servicesOverview.heroSubtitle, { exact: false })).toBeVisible();
      36 |
      37 |         const serviceCards = Array.isArray(servicesOverview.services) ? servicesOverview.services : [];
        at C:\Users\HP\Desktop\internship\new_1\tests\services.spec.ts:34:42

    attachment #1: screenshot (image/png) ──────────────────────────────────────────────────────────
    ..\test-results\services-Services-experien-b7a44-s-hero-grid-and-CTA-content-chromium-retry1\test-failed-1.png
    ────────────────────────────────────────────────────────────────────────────────────────────────

    attachment #2: video (video/webm) ──────────────────────────────────────────────────────────────
    ..\test-results\services-Services-experien-b7a44-s-hero-grid-and-CTA-content-chromium-retry1\video.webm
    ────────────────────────────────────────────────────────────────────────────────────────────────

    Error Context: ..\test-results\services-Services-experien-b7a44-s-hero-grid-and-CTA-content-chromium-retry1\error-context.md

    attachment #4: trace (application/zip) ─────────────────────────────────────────────────────────
    ..\test-results\services-Services-experien-b7a44-s-hero-grid-and-CTA-content-chromium-retry1\trace.zip
    Usage:

        npx playwright show-trace ..\test-results\services-Services-experien-b7a44-s-hero-grid-and-CTA-content-chromium-retry1\trace.zip

    ────────────────────────────────────────────────────────────────────────────────────────────────

    Retry #2 ───────────────────────────────────────────────────────────────────────────────────────

    Test was interrupted.

    Error: page.goto: Target page, context or browser has been closed
    Call log:
      - navigating to "http://localhost:3000/en/services", waiting until "networkidle"


      30 |     test.describe(`${locale.code.toUpperCase()} services`, () => {
      31 |       test('services overview renders hero, grid, and CTA content', async ({ page }) => {
    > 32 |         await page.goto(`${locale.basePath}/services`, { waitUntil: 'networkidle' });
         |                    ^
      33 |
      34 |         await expect(page.locator('h1')).toContainText(servicesOverview.heroTitle);
      35 |         await expect(page.getByText(servicesOverview.heroSubtitle, { exact: false })).toBeVisible();
        at C:\Users\HP\Desktop\internship\new_1\tests\services.spec.ts:32:20

    Error: browserContext.close: Target page, context or browser has been closed
]]>
</failure>
<system-out>
<![CDATA[
[[ATTACHMENT|services-Services-experien-b7a44-s-hero-grid-and-CTA-content-chromium\test-failed-1.png]]

[[ATTACHMENT|services-Services-experien-b7a44-s-hero-grid-and-CTA-content-chromium\video.webm]]

[[ATTACHMENT|services-Services-experien-b7a44-s-hero-grid-and-CTA-content-chromium\error-context.md]]

[[ATTACHMENT|services-Services-experien-b7a44-s-hero-grid-and-CTA-content-chromium-retry1\test-failed-1.png]]

[[ATTACHMENT|services-Services-experien-b7a44-s-hero-grid-and-CTA-content-chromium-retry1\video.webm]]

[[ATTACHMENT|services-Services-experien-b7a44-s-hero-grid-and-CTA-content-chromium-retry1\error-context.md]]

[[ATTACHMENT|services-Services-experien-b7a44-s-hero-grid-and-CTA-content-chromium-retry1\trace.zip]]
]]>
</system-out>
</testcase>
<testcase name="Services experience › EN services › service detail: consulting" classname="services.spec.ts" time="12.662">
</testcase>
<testcase name="Services experience › EN services › service detail: infrastructure" classname="services.spec.ts" time="77.093">
<failure message="services.spec.ts:59:13 service detail: infrastructure" type="FAILURE">
<![CDATA[  [chromium] › services.spec.ts:59:13 › Services experience › EN services › service detail: infrastructure 

    Error: expect(locator).toContainText(expected) failed

    Locator: locator('h1')
    Expected substring: "Next Generation Infrastructure"
    Timeout: 5000ms
    Error: element(s) not found

    Call log:
      - Expect "toContainText" with timeout 5000ms
      - waiting for locator('h1')


      61 |
      62 |           if (serviceMessages.hero) {
    > 63 |             await expect(page.locator('h1')).toContainText(serviceMessages.hero);
         |                                              ^
      64 |           }
      65 |
      66 |           if (serviceMessages.heroDesc) {
        at C:\Users\HP\Desktop\internship\new_1\tests\services.spec.ts:63:46

    attachment #1: screenshot (image/png) ──────────────────────────────────────────────────────────
    ..\test-results\services-Services-experien-691bc-rvice-detail-infrastructure-chromium\test-failed-1.png
    ────────────────────────────────────────────────────────────────────────────────────────────────

    attachment #2: video (video/webm) ──────────────────────────────────────────────────────────────
    ..\test-results\services-Services-experien-691bc-rvice-detail-infrastructure-chromium\video.webm
    ────────────────────────────────────────────────────────────────────────────────────────────────

    Error Context: ..\test-results\services-Services-experien-691bc-rvice-detail-infrastructure-chromium\error-context.md

    Retry #1 ───────────────────────────────────────────────────────────────────────────────────────

    Error: expect(locator).toContainText(expected) failed

    Locator: locator('h1')
    Expected substring: "Next Generation Infrastructure"
    Timeout: 5000ms
    Error: element(s) not found

    Call log:
      - Expect "toContainText" with timeout 5000ms
      - waiting for locator('h1')


      61 |
      62 |           if (serviceMessages.hero) {
    > 63 |             await expect(page.locator('h1')).toContainText(serviceMessages.hero);
         |                                              ^
      64 |           }
      65 |
      66 |           if (serviceMessages.heroDesc) {
        at C:\Users\HP\Desktop\internship\new_1\tests\services.spec.ts:63:46

    attachment #1: screenshot (image/png) ──────────────────────────────────────────────────────────
    ..\test-results\services-Services-experien-691bc-rvice-detail-infrastructure-chromium-retry1\test-failed-1.png
    ────────────────────────────────────────────────────────────────────────────────────────────────

    attachment #2: video (video/webm) ──────────────────────────────────────────────────────────────
    ..\test-results\services-Services-experien-691bc-rvice-detail-infrastructure-chromium-retry1\video.webm
    ────────────────────────────────────────────────────────────────────────────────────────────────

    Error Context: ..\test-results\services-Services-experien-691bc-rvice-detail-infrastructure-chromium-retry1\error-context.md

    attachment #4: trace (application/zip) ─────────────────────────────────────────────────────────
    ..\test-results\services-Services-experien-691bc-rvice-detail-infrastructure-chromium-retry1\trace.zip
    Usage:

        npx playwright show-trace ..\test-results\services-Services-experien-691bc-rvice-detail-infrastructure-chromium-retry1\trace.zip

    ────────────────────────────────────────────────────────────────────────────────────────────────

    Retry #2 ───────────────────────────────────────────────────────────────────────────────────────

    Test was interrupted.

    Error: page.goto: net::ERR_ABORTED at http://localhost:3000/en/services/infrastructure
    Call log:
      - navigating to "http://localhost:3000/en/services/infrastructure", waiting until "networkidle"


      58 |         const serviceMessages = (servicesPage?.[definition.messageKey] ?? {}) as Record<string, any>;
      59 |         test(`service detail: ${definition.slug}`, async ({ page }) => {
    > 60 |           await page.goto(`${locale.basePath}/services/${definition.slug}`, { waitUntil: 'networkidle' });
         |                      ^
      61 |
      62 |           if (serviceMessages.hero) {
      63 |             await expect(page.locator('h1')).toContainText(serviceMessages.hero);
        at C:\Users\HP\Desktop\internship\new_1\tests\services.spec.ts:60:22

    Error: browserContext.close: Target page, context or browser has been closed
]]>
</failure>
<system-out>
<![CDATA[
[[ATTACHMENT|services-Services-experien-691bc-rvice-detail-infrastructure-chromium\test-failed-1.png]]

[[ATTACHMENT|services-Services-experien-691bc-rvice-detail-infrastructure-chromium\video.webm]]

[[ATTACHMENT|services-Services-experien-691bc-rvice-detail-infrastructure-chromium\error-context.md]]

[[ATTACHMENT|services-Services-experien-691bc-rvice-detail-infrastructure-chromium-retry1\test-failed-1.png]]

[[ATTACHMENT|services-Services-experien-691bc-rvice-detail-infrastructure-chromium-retry1\video.webm]]

[[ATTACHMENT|services-Services-experien-691bc-rvice-detail-infrastructure-chromium-retry1\error-context.md]]

[[ATTACHMENT|services-Services-experien-691bc-rvice-detail-infrastructure-chromium-retry1\trace.zip]]
]]>
</system-out>
</testcase>
<testcase name="Services experience › EN services › service detail: resourcing" classname="services.spec.ts" time="77.035">
<failure message="services.spec.ts:59:13 service detail: resourcing" type="FAILURE">
<![CDATA[  [chromium] › services.spec.ts:59:13 › Services experience › EN services › service detail: resourcing 

    Error: expect(locator).toContainText(expected) failed

    Locator: locator('h1')
    Expected substring: "Strategic Resourcing"
    Timeout: 5000ms
    Error: element(s) not found

    Call log:
      - Expect "toContainText" with timeout 5000ms
      - waiting for locator('h1')


      61 |
      62 |           if (serviceMessages.hero) {
    > 63 |             await expect(page.locator('h1')).toContainText(serviceMessages.hero);
         |                                              ^
      64 |           }
      65 |
      66 |           if (serviceMessages.heroDesc) {
        at C:\Users\HP\Desktop\internship\new_1\tests\services.spec.ts:63:46

    attachment #1: screenshot (image/png) ──────────────────────────────────────────────────────────
    ..\test-results\services-Services-experien-93ecc-s-service-detail-resourcing-chromium\test-failed-1.png
    ────────────────────────────────────────────────────────────────────────────────────────────────

    attachment #2: video (video/webm) ──────────────────────────────────────────────────────────────
    ..\test-results\services-Services-experien-93ecc-s-service-detail-resourcing-chromium\video.webm
    ────────────────────────────────────────────────────────────────────────────────────────────────

    Error Context: ..\test-results\services-Services-experien-93ecc-s-service-detail-resourcing-chromium\error-context.md

    Retry #1 ───────────────────────────────────────────────────────────────────────────────────────

    Error: expect(locator).toContainText(expected) failed

    Locator: locator('h1')
    Expected substring: "Strategic Resourcing"
    Timeout: 5000ms
    Error: element(s) not found

    Call log:
      - Expect "toContainText" with timeout 5000ms
      - waiting for locator('h1')


      61 |
      62 |           if (serviceMessages.hero) {
    > 63 |             await expect(page.locator('h1')).toContainText(serviceMessages.hero);
         |                                              ^
      64 |           }
      65 |
      66 |           if (serviceMessages.heroDesc) {
        at C:\Users\HP\Desktop\internship\new_1\tests\services.spec.ts:63:46

    attachment #1: screenshot (image/png) ──────────────────────────────────────────────────────────
    ..\test-results\services-Services-experien-93ecc-s-service-detail-resourcing-chromium-retry1\test-failed-1.png
    ────────────────────────────────────────────────────────────────────────────────────────────────

    attachment #2: video (video/webm) ──────────────────────────────────────────────────────────────
    ..\test-results\services-Services-experien-93ecc-s-service-detail-resourcing-chromium-retry1\video.webm
    ────────────────────────────────────────────────────────────────────────────────────────────────

    Error Context: ..\test-results\services-Services-experien-93ecc-s-service-detail-resourcing-chromium-retry1\error-context.md

    attachment #4: trace (application/zip) ─────────────────────────────────────────────────────────
    ..\test-results\services-Services-experien-93ecc-s-service-detail-resourcing-chromium-retry1\trace.zip
    Usage:

        npx playwright show-trace ..\test-results\services-Services-experien-93ecc-s-service-detail-resourcing-chromium-retry1\trace.zip

    ────────────────────────────────────────────────────────────────────────────────────────────────

    Retry #2 ───────────────────────────────────────────────────────────────────────────────────────

    Test was interrupted.

    Error: page.goto: net::ERR_ABORTED at http://localhost:3000/en/services/resourcing
    Call log:
      - navigating to "http://localhost:3000/en/services/resourcing", waiting until "networkidle"


      58 |         const serviceMessages = (servicesPage?.[definition.messageKey] ?? {}) as Record<string, any>;
      59 |         test(`service detail: ${definition.slug}`, async ({ page }) => {
    > 60 |           await page.goto(`${locale.basePath}/services/${definition.slug}`, { waitUntil: 'networkidle' });
         |                      ^
      61 |
      62 |           if (serviceMessages.hero) {
      63 |             await expect(page.locator('h1')).toContainText(serviceMessages.hero);
        at C:\Users\HP\Desktop\internship\new_1\tests\services.spec.ts:60:22

    Error: browserContext.close: Target page, context or browser has been closed
]]>
</failure>
<system-out>
<![CDATA[
[[ATTACHMENT|services-Services-experien-93ecc-s-service-detail-resourcing-chromium\test-failed-1.png]]

[[ATTACHMENT|services-Services-experien-93ecc-s-service-detail-resourcing-chromium\video.webm]]

[[ATTACHMENT|services-Services-experien-93ecc-s-service-detail-resourcing-chromium\error-context.md]]

[[ATTACHMENT|services-Services-experien-93ecc-s-service-detail-resourcing-chromium-retry1\test-failed-1.png]]

[[ATTACHMENT|services-Services-experien-93ecc-s-service-detail-resourcing-chromium-retry1\video.webm]]

[[ATTACHMENT|services-Services-experien-93ecc-s-service-detail-resourcing-chromium-retry1\error-context.md]]

[[ATTACHMENT|services-Services-experien-93ecc-s-service-detail-resourcing-chromium-retry1\trace.zip]]
]]>
</system-out>
</testcase>
<testcase name="Services experience › EN services › service detail: training" classname="services.spec.ts" time="64.265">
<failure message="services.spec.ts:59:13 service detail: training" type="FAILURE">
<![CDATA[  [chromium] › services.spec.ts:59:13 › Services experience › EN services › service detail: training 

    Error: expect(locator).toContainText(expected) failed

    Locator: locator('h1')
    Expected substring: "Technology Labs & Training"
    Timeout: 5000ms
    Error: element(s) not found

    Call log:
      - Expect "toContainText" with timeout 5000ms
      - waiting for locator('h1')


      61 |
      62 |           if (serviceMessages.hero) {
    > 63 |             await expect(page.locator('h1')).toContainText(serviceMessages.hero);
         |                                              ^
      64 |           }
      65 |
      66 |           if (serviceMessages.heroDesc) {
        at C:\Users\HP\Desktop\internship\new_1\tests\services.spec.ts:63:46

    attachment #1: screenshot (image/png) ──────────────────────────────────────────────────────────
    ..\test-results\services-Services-experien-482a8-ces-service-detail-training-chromium\test-failed-1.png
    ────────────────────────────────────────────────────────────────────────────────────────────────

    attachment #2: video (video/webm) ──────────────────────────────────────────────────────────────
    ..\test-results\services-Services-experien-482a8-ces-service-detail-training-chromium\video.webm
    ────────────────────────────────────────────────────────────────────────────────────────────────

    Error Context: ..\test-results\services-Services-experien-482a8-ces-service-detail-training-chromium\error-context.md

    Retry #1 ───────────────────────────────────────────────────────────────────────────────────────

    Error: expect(locator).toContainText(expected) failed

    Locator: locator('h1')
    Expected substring: "Technology Labs & Training"
    Timeout: 5000ms
    Error: element(s) not found

    Call log:
      - Expect "toContainText" with timeout 5000ms
      - waiting for locator('h1')


      61 |
      62 |           if (serviceMessages.hero) {
    > 63 |             await expect(page.locator('h1')).toContainText(serviceMessages.hero);
         |                                              ^
      64 |           }
      65 |
      66 |           if (serviceMessages.heroDesc) {
        at C:\Users\HP\Desktop\internship\new_1\tests\services.spec.ts:63:46

    attachment #1: screenshot (image/png) ──────────────────────────────────────────────────────────
    ..\test-results\services-Services-experien-482a8-ces-service-detail-training-chromium-retry1\test-failed-1.png
    ────────────────────────────────────────────────────────────────────────────────────────────────

    attachment #2: video (video/webm) ──────────────────────────────────────────────────────────────
    ..\test-results\services-Services-experien-482a8-ces-service-detail-training-chromium-retry1\video.webm
    ────────────────────────────────────────────────────────────────────────────────────────────────

    Error Context: ..\test-results\services-Services-experien-482a8-ces-service-detail-training-chromium-retry1\error-context.md

    attachment #4: trace (application/zip) ─────────────────────────────────────────────────────────
    ..\test-results\services-Services-experien-482a8-ces-service-detail-training-chromium-retry1\trace.zip
    Usage:

        npx playwright show-trace ..\test-results\services-Services-experien-482a8-ces-service-detail-training-chromium-retry1\trace.zip

    ────────────────────────────────────────────────────────────────────────────────────────────────

    Retry #2 ───────────────────────────────────────────────────────────────────────────────────────

    Test was interrupted.

    Error: page.goto: net::ERR_ABORTED at http://localhost:3000/en/services/training
    Call log:
      - navigating to "http://localhost:3000/en/services/training", waiting until "networkidle"


      58 |         const serviceMessages = (servicesPage?.[definition.messageKey] ?? {}) as Record<string, any>;
      59 |         test(`service detail: ${definition.slug}`, async ({ page }) => {
    > 60 |           await page.goto(`${locale.basePath}/services/${definition.slug}`, { waitUntil: 'networkidle' });
         |                      ^
      61 |
      62 |           if (serviceMessages.hero) {
      63 |             await expect(page.locator('h1')).toContainText(serviceMessages.hero);
        at C:\Users\HP\Desktop\internship\new_1\tests\services.spec.ts:60:22

    Error: browserContext.close: Test ended.
    Browser logs:

    <launching> C:\Users\HP\AppData\Local\ms-playwright\chromium_headless_shell-1194\chrome-win\headless_shell.exe --disable-field-trial-config --disable-background-networking --disable-background-timer-throttling --disable-backgrounding-occluded-windows --disable-back-forward-cache --disable-breakpad --disable-client-side-phishing-detection --disable-component-extensions-with-background-pages --disable-component-update --no-default-browser-check --disable-default-apps --disable-dev-shm-usage --disable-extensions --disable-features=AcceptCHFrame,AvoidUnnecessaryBeforeUnloadCheckSync,DestroyProfileOnBrowserClose,DialMediaRouteProvider,GlobalMediaControls,HttpsUpgrades,LensOverlay,MediaRouter,PaintHolding,ThirdPartyStoragePartitioning,Translate,AutoDeElevate,RenderDocument --enable-features=CDPScreenshotNewSurface --allow-pre-commit-input --disable-hang-monitor --disable-ipc-flooding-protection --disable-popup-blocking --disable-prompt-on-repost --disable-renderer-backgrounding --force-color-profile=srgb --metrics-recording-only --no-first-run --password-store=basic --use-mock-keychain --no-service-autorun --export-tagged-pdf --disable-search-engine-choice-screen --unsafely-disable-devtools-self-xss-warnings --edge-skip-compat-layer-relaunch --enable-automation --headless --hide-scrollbars --mute-audio --blink-settings=primaryHoverType=2,availableHoverTypes=2,primaryPointerType=4,availablePointerTypes=4 --no-sandbox --user-data-dir=C:\Users\HP\AppData\Local\Temp\playwright_chromiumdev_profile-CEFPHh --remote-debugging-pipe --no-startup-window
    <launched> pid=24980
]]>
</failure>
<system-out>
<![CDATA[
[[ATTACHMENT|services-Services-experien-482a8-ces-service-detail-training-chromium\test-failed-1.png]]

[[ATTACHMENT|services-Services-experien-482a8-ces-service-detail-training-chromium\video.webm]]

[[ATTACHMENT|services-Services-experien-482a8-ces-service-detail-training-chromium\error-context.md]]

[[ATTACHMENT|services-Services-experien-482a8-ces-service-detail-training-chromium-retry1\test-failed-1.png]]

[[ATTACHMENT|services-Services-experien-482a8-ces-service-detail-training-chromium-retry1\video.webm]]

[[ATTACHMENT|services-Services-experien-482a8-ces-service-detail-training-chromium-retry1\error-context.md]]

[[ATTACHMENT|services-Services-experien-482a8-ces-service-detail-training-chromium-retry1\trace.zip]]
]]>
</system-out>
</testcase>
<testcase name="Services experience › EN services › service detail: managed-it" classname="services.spec.ts" time="0">
<skipped>
</skipped>
</testcase>
<testcase name="Services experience › EN services › service detail: devsecops" classname="services.spec.ts" time="0">
<skipped>
</skipped>
</testcase>
<testcase name="Services experience › AR services › services overview renders hero, grid, and CTA content" classname="services.spec.ts" time="0">
<skipped>
</skipped>
</testcase>
<testcase name="Services experience › AR services › service detail: consulting" classname="services.spec.ts" time="0">
<skipped>
</skipped>
</testcase>
<testcase name="Services experience › AR services › service detail: infrastructure" classname="services.spec.ts" time="0">
<skipped>
</skipped>
</testcase>
<testcase name="Services experience › AR services › service detail: resourcing" classname="services.spec.ts" time="0">
<skipped>
</skipped>
</testcase>
<testcase name="Services experience › AR services › service detail: training" classname="services.spec.ts" time="0">
<skipped>
</skipped>
</testcase>
<testcase name="Services experience › AR services › service detail: managed-it" classname="services.spec.ts" time="0">
<skipped>
</skipped>
</testcase>
<testcase name="Services experience › AR services › service detail: devsecops" classname="services.spec.ts" time="0">
<skipped>
</skipped>
</testcase>
</testsuite>
<testsuite name="site-smoke.spec.ts" timestamp="2025-11-11T08:57:27.772Z" hostname="chromium" tests="6" failures="0" skipped="6" time="0" errors="0">
<testcase name="Global experience smoke tests › EN locale › homepage renders hero, CTAs, and key navigation" classname="site-smoke.spec.ts" time="0">
<skipped>
</skipped>
</testcase>
<testcase name="Global experience smoke tests › EN locale › footer content is reachable and localized" classname="site-smoke.spec.ts" time="0">
<skipped>
</skipped>
</testcase>
<testcase name="Global experience smoke tests › EN locale › language switcher toggles locale" classname="site-smoke.spec.ts" time="0">
<skipped>
</skipped>
</testcase>
<testcase name="Global experience smoke tests › AR locale › homepage renders hero, CTAs, and key navigation" classname="site-smoke.spec.ts" time="0">
<skipped>
</skipped>
</testcase>
<testcase name="Global experience smoke tests › AR locale › footer content is reachable and localized" classname="site-smoke.spec.ts" time="0">
<skipped>
</skipped>
</testcase>
<testcase name="Global experience smoke tests › AR locale › language switcher toggles locale" classname="site-smoke.spec.ts" time="0">
<skipped>
</skipped>
</testcase>
</testsuite>
<testsuite name="solutions.spec.ts" timestamp="2025-11-11T08:57:27.772Z" hostname="chromium" tests="14" failures="0" skipped="14" time="0" errors="0">
<testcase name="Solutions experience › EN solutions › solutions overview renders hero and key sections" classname="solutions.spec.ts" time="0">
<skipped>
</skipped>
</testcase>
<testcase name="Solutions experience › EN solutions › solution detail: ai-security" classname="solutions.spec.ts" time="0">
<skipped>
</skipped>
</testcase>
<testcase name="Solutions experience › EN solutions › solution detail: identity-management" classname="solutions.spec.ts" time="0">
<skipped>
</skipped>
</testcase>
<testcase name="Solutions experience › EN solutions › solution detail: zero-trust" classname="solutions.spec.ts" time="0">
<skipped>
</skipped>
</testcase>
<testcase name="Solutions experience › EN solutions › solution detail: cloud-security" classname="solutions.spec.ts" time="0">
<skipped>
</skipped>
</testcase>
<testcase name="Solutions experience › EN solutions › solution detail: network-security" classname="solutions.spec.ts" time="0">
<skipped>
</skipped>
</testcase>
<testcase name="Solutions experience › EN solutions › solution detail: endpoint-security" classname="solutions.spec.ts" time="0">
<skipped>
</skipped>
</testcase>
<testcase name="Solutions experience › AR solutions › solutions overview renders hero and key sections" classname="solutions.spec.ts" time="0">
<skipped>
</skipped>
</testcase>
<testcase name="Solutions experience › AR solutions › solution detail: ai-security" classname="solutions.spec.ts" time="0">
<skipped>
</skipped>
</testcase>
<testcase name="Solutions experience › AR solutions › solution detail: identity-management" classname="solutions.spec.ts" time="0">
<skipped>
</skipped>
</testcase>
<testcase name="Solutions experience › AR solutions › solution detail: zero-trust" classname="solutions.spec.ts" time="0">
<skipped>
</skipped>
</testcase>
<testcase name="Solutions experience › AR solutions › solution detail: cloud-security" classname="solutions.spec.ts" time="0">
<skipped>
</skipped>
</testcase>
<testcase name="Solutions experience › AR solutions › solution detail: network-security" classname="solutions.spec.ts" time="0">
<skipped>
</skipped>
</testcase>
<testcase name="Solutions experience › AR solutions › solution detail: endpoint-security" classname="solutions.spec.ts" time="0">
<skipped>
</skipped>
</testcase>
</testsuite>
<testsuite name="services.spec.ts" timestamp="2025-11-11T08:57:27.772Z" hostname="firefox" tests="14" failures="0" skipped="14" time="0" errors="0">
<testcase name="Services experience › EN services › services overview renders hero, grid, and CTA content" classname="services.spec.ts" time="0">
<skipped>
</skipped>
</testcase>
<testcase name="Services experience › EN services › service detail: consulting" classname="services.spec.ts" time="0">
<skipped>
</skipped>
</testcase>
<testcase name="Services experience › EN services › service detail: infrastructure" classname="services.spec.ts" time="0">
<skipped>
</skipped>
</testcase>
<testcase name="Services experience › EN services › service detail: resourcing" classname="services.spec.ts" time="0">
<skipped>
</skipped>
</testcase>
<testcase name="Services experience › EN services › service detail: training" classname="services.spec.ts" time="0">
<skipped>
</skipped>
</testcase>
<testcase name="Services experience › EN services › service detail: managed-it" classname="services.spec.ts" time="0">
<skipped>
</skipped>
</testcase>
<testcase name="Services experience › EN services › service detail: devsecops" classname="services.spec.ts" time="0">
<skipped>
</skipped>
</testcase>
<testcase name="Services experience › AR services › services overview renders hero, grid, and CTA content" classname="services.spec.ts" time="0">
<skipped>
</skipped>
</testcase>
<testcase name="Services experience › AR services › service detail: consulting" classname="services.spec.ts" time="0">
<skipped>
</skipped>
</testcase>
<testcase name="Services experience › AR services › service detail: infrastructure" classname="services.spec.ts" time="0">
<skipped>
</skipped>
</testcase>
<testcase name="Services experience › AR services › service detail: resourcing" classname="services.spec.ts" time="0">
<skipped>
</skipped>
</testcase>
<testcase name="Services experience › AR services › service detail: training" classname="services.spec.ts" time="0">
<skipped>
</skipped>
</testcase>
<testcase name="Services experience › AR services › service detail: managed-it" classname="services.spec.ts" time="0">
<skipped>
</skipped>
</testcase>
<testcase name="Services experience › AR services › service detail: devsecops" classname="services.spec.ts" time="0">
<skipped>
</skipped>
</testcase>
</testsuite>
<testsuite name="site-smoke.spec.ts" timestamp="2025-11-11T08:57:27.772Z" hostname="firefox" tests="6" failures="0" skipped="6" time="0" errors="0">
<testcase name="Global experience smoke tests › EN locale › homepage renders hero, CTAs, and key navigation" classname="site-smoke.spec.ts" time="0">
<skipped>
</skipped>
</testcase>
<testcase name="Global experience smoke tests › EN locale › footer content is reachable and localized" classname="site-smoke.spec.ts" time="0">
<skipped>
</skipped>
</testcase>
<testcase name="Global experience smoke tests › EN locale › language switcher toggles locale" classname="site-smoke.spec.ts" time="0">
<skipped>
</skipped>
</testcase>
<testcase name="Global experience smoke tests › AR locale › homepage renders hero, CTAs, and key navigation" classname="site-smoke.spec.ts" time="0">
<skipped>
</skipped>
</testcase>
<testcase name="Global experience smoke tests › AR locale › footer content is reachable and localized" classname="site-smoke.spec.ts" time="0">
<skipped>
</skipped>
</testcase>
<testcase name="Global experience smoke tests › AR locale › language switcher toggles locale" classname="site-smoke.spec.ts" time="0">
<skipped>
</skipped>
</testcase>
</testsuite>
<testsuite name="solutions.spec.ts" timestamp="2025-11-11T08:57:27.772Z" hostname="firefox" tests="14" failures="0" skipped="14" time="0" errors="0">
<testcase name="Solutions experience › EN solutions › solutions overview renders hero and key sections" classname="solutions.spec.ts" time="0">
<skipped>
</skipped>
</testcase>
<testcase name="Solutions experience › EN solutions › solution detail: ai-security" classname="solutions.spec.ts" time="0">
<skipped>
</skipped>
</testcase>
<testcase name="Solutions experience › EN solutions › solution detail: identity-management" classname="solutions.spec.ts" time="0">
<skipped>
</skipped>
</testcase>
<testcase name="Solutions experience › EN solutions › solution detail: zero-trust" classname="solutions.spec.ts" time="0">
<skipped>
</skipped>
</testcase>
<testcase name="Solutions experience › EN solutions › solution detail: cloud-security" classname="solutions.spec.ts" time="0">
<skipped>
</skipped>
</testcase>
<testcase name="Solutions experience › EN solutions › solution detail: network-security" classname="solutions.spec.ts" time="0">
<skipped>
</skipped>
</testcase>
<testcase name="Solutions experience › EN solutions › solution detail: endpoint-security" classname="solutions.spec.ts" time="0">
<skipped>
</skipped>
</testcase>
<testcase name="Solutions experience › AR solutions › solutions overview renders hero and key sections" classname="solutions.spec.ts" time="0">
<skipped>
</skipped>
</testcase>
<testcase name="Solutions experience › AR solutions › solution detail: ai-security" classname="solutions.spec.ts" time="0">
<skipped>
</skipped>
</testcase>
<testcase name="Solutions experience › AR solutions › solution detail: identity-management" classname="solutions.spec.ts" time="0">
<skipped>
</skipped>
</testcase>
<testcase name="Solutions experience › AR solutions › solution detail: zero-trust" classname="solutions.spec.ts" time="0">
<skipped>
</skipped>
</testcase>
<testcase name="Solutions experience › AR solutions › solution detail: cloud-security" classname="solutions.spec.ts" time="0">
<skipped>
</skipped>
</testcase>
<testcase name="Solutions experience › AR solutions › solution detail: network-security" classname="solutions.spec.ts" time="0">
<skipped>
</skipped>
</testcase>
<testcase name="Solutions experience › AR solutions › solution detail: endpoint-security" classname="solutions.spec.ts" time="0">
<skipped>
</skipped>
</testcase>
</testsuite>
<testsuite name="services.spec.ts" timestamp="2025-11-11T08:57:27.772Z" hostname="webkit" tests="14" failures="0" skipped="14" time="0" errors="0">
<testcase name="Services experience › EN services › services overview renders hero, grid, and CTA content" classname="services.spec.ts" time="0">
<skipped>
</skipped>
</testcase>
<testcase name="Services experience › EN services › service detail: consulting" classname="services.spec.ts" time="0">
<skipped>
</skipped>
</testcase>
<testcase name="Services experience › EN services › service detail: infrastructure" classname="services.spec.ts" time="0">
<skipped>
</skipped>
</testcase>
<testcase name="Services experience › EN services › service detail: resourcing" classname="services.spec.ts" time="0">
<skipped>
</skipped>
</testcase>
<testcase name="Services experience › EN services › service detail: training" classname="services.spec.ts" time="0">
<skipped>
</skipped>
</testcase>
<testcase name="Services experience › EN services › service detail: managed-it" classname="services.spec.ts" time="0">
<skipped>
</skipped>
</testcase>
<testcase name="Services experience › EN services › service detail: devsecops" classname="services.spec.ts" time="0">
<skipped>
</skipped>
</testcase>
<testcase name="Services experience › AR services › services overview renders hero, grid, and CTA content" classname="services.spec.ts" time="0">
<skipped>
</skipped>
</testcase>
<testcase name="Services experience › AR services › service detail: consulting" classname="services.spec.ts" time="0">
<skipped>
</skipped>
</testcase>
<testcase name="Services experience › AR services › service detail: infrastructure" classname="services.spec.ts" time="0">
<skipped>
</skipped>
</testcase>
<testcase name="Services experience › AR services › service detail: resourcing" classname="services.spec.ts" time="0">
<skipped>
</skipped>
</testcase>
<testcase name="Services experience › AR services › service detail: training" classname="services.spec.ts" time="0">
<skipped>
</skipped>
</testcase>
<testcase name="Services experience › AR services › service detail: managed-it" classname="services.spec.ts" time="0">
<skipped>
</skipped>
</testcase>
<testcase name="Services experience › AR services › service detail: devsecops" classname="services.spec.ts" time="0">
<skipped>
</skipped>
</testcase>
</testsuite>
<testsuite name="site-smoke.spec.ts" timestamp="2025-11-11T08:57:27.772Z" hostname="webkit" tests="6" failures="0" skipped="6" time="0" errors="0">
<testcase name="Global experience smoke tests › EN locale › homepage renders hero, CTAs, and key navigation" classname="site-smoke.spec.ts" time="0">
<skipped>
</skipped>
</testcase>
<testcase name="Global experience smoke tests › EN locale › footer content is reachable and localized" classname="site-smoke.spec.ts" time="0">
<skipped>
</skipped>
</testcase>
<testcase name="Global experience smoke tests › EN locale › language switcher toggles locale" classname="site-smoke.spec.ts" time="0">
<skipped>
</skipped>
</testcase>
<testcase name="Global experience smoke tests › AR locale › homepage renders hero, CTAs, and key navigation" classname="site-smoke.spec.ts" time="0">
<skipped>
</skipped>
</testcase>
<testcase name="Global experience smoke tests › AR locale › footer content is reachable and localized" classname="site-smoke.spec.ts" time="0">
<skipped>
</skipped>
</testcase>
<testcase name="Global experience smoke tests › AR locale › language switcher toggles locale" classname="site-smoke.spec.ts" time="0">
<skipped>
</skipped>
</testcase>
</testsuite>
<testsuite name="solutions.spec.ts" timestamp="2025-11-11T08:57:27.772Z" hostname="webkit" tests="14" failures="0" skipped="14" time="0" errors="0">
<testcase name="Solutions experience › EN solutions › solutions overview renders hero and key sections" classname="solutions.spec.ts" time="0">
<skipped>
</skipped>
</testcase>
<testcase name="Solutions experience › EN solutions › solution detail: ai-security" classname="solutions.spec.ts" time="0">
<skipped>
</skipped>
</testcase>
<testcase name="Solutions experience › EN solutions › solution detail: identity-management" classname="solutions.spec.ts" time="0">
<skipped>
</skipped>
</testcase>
<testcase name="Solutions experience › EN solutions › solution detail: zero-trust" classname="solutions.spec.ts" time="0">
<skipped>
</skipped>
</testcase>
<testcase name="Solutions experience › EN solutions › solution detail: cloud-security" classname="solutions.spec.ts" time="0">
<skipped>
</skipped>
</testcase>
<testcase name="Solutions experience › EN solutions › solution detail: network-security" classname="solutions.spec.ts" time="0">
<skipped>
</skipped>
</testcase>
<testcase name="Solutions experience › EN solutions › solution detail: endpoint-security" classname="solutions.spec.ts" time="0">
<skipped>
</skipped>
</testcase>
<testcase name="Solutions experience › AR solutions › solutions overview renders hero and key sections" classname="solutions.spec.ts" time="0">
<skipped>
</skipped>
</testcase>
<testcase name="Solutions experience › AR solutions › solution detail: ai-security" classname="solutions.spec.ts" time="0">
<skipped>
</skipped>
</testcase>
<testcase name="Solutions experience › AR solutions › solution detail: identity-management" classname="solutions.spec.ts" time="0">
<skipped>
</skipped>
</testcase>
<testcase name="Solutions experience › AR solutions › solution detail: zero-trust" classname="solutions.spec.ts" time="0">
<skipped>
</skipped>
</testcase>
<testcase name="Solutions experience › AR solutions › solution detail: cloud-security" classname="solutions.spec.ts" time="0">
<skipped>
</skipped>
</testcase>
<testcase name="Solutions experience › AR solutions › solution detail: network-security" classname="solutions.spec.ts" time="0">
<skipped>
</skipped>
</testcase>
<testcase name="Solutions experience › AR solutions › solution detail: endpoint-security" classname="solutions.spec.ts" time="0">
<skipped>
</skipped>
</testcase>
</testsuite>
<testsuite name="services.spec.ts" timestamp="2025-11-11T08:57:27.772Z" hostname="Mobile Chrome" tests="14" failures="0" skipped="14" time="0" errors="0">
<testcase name="Services experience › EN services › services overview renders hero, grid, and CTA content" classname="services.spec.ts" time="0">
<skipped>
</skipped>
</testcase>
<testcase name="Services experience › EN services › service detail: consulting" classname="services.spec.ts" time="0">
<skipped>
</skipped>
</testcase>
<testcase name="Services experience › EN services › service detail: infrastructure" classname="services.spec.ts" time="0">
<skipped>
</skipped>
</testcase>
<testcase name="Services experience › EN services › service detail: resourcing" classname="services.spec.ts" time="0">
<skipped>
</skipped>
</testcase>
<testcase name="Services experience › EN services › service detail: training" classname="services.spec.ts" time="0">
<skipped>
</skipped>
</testcase>
<testcase name="Services experience › EN services › service detail: managed-it" classname="services.spec.ts" time="0">
<skipped>
</skipped>
</testcase>
<testcase name="Services experience › EN services › service detail: devsecops" classname="services.spec.ts" time="0">
<skipped>
</skipped>
</testcase>
<testcase name="Services experience › AR services › services overview renders hero, grid, and CTA content" classname="services.spec.ts" time="0">
<skipped>
</skipped>
</testcase>
<testcase name="Services experience › AR services › service detail: consulting" classname="services.spec.ts" time="0">
<skipped>
</skipped>
</testcase>
<testcase name="Services experience › AR services › service detail: infrastructure" classname="services.spec.ts" time="0">
<skipped>
</skipped>
</testcase>
<testcase name="Services experience › AR services › service detail: resourcing" classname="services.spec.ts" time="0">
<skipped>
</skipped>
</testcase>
<testcase name="Services experience › AR services › service detail: training" classname="services.spec.ts" time="0">
<skipped>
</skipped>
</testcase>
<testcase name="Services experience › AR services › service detail: managed-it" classname="services.spec.ts" time="0">
<skipped>
</skipped>
</testcase>
<testcase name="Services experience › AR services › service detail: devsecops" classname="services.spec.ts" time="0">
<skipped>
</skipped>
</testcase>
</testsuite>
<testsuite name="site-smoke.spec.ts" timestamp="2025-11-11T08:57:27.772Z" hostname="Mobile Chrome" tests="6" failures="0" skipped="6" time="0" errors="0">
<testcase name="Global experience smoke tests › EN locale › homepage renders hero, CTAs, and key navigation" classname="site-smoke.spec.ts" time="0">
<skipped>
</skipped>
</testcase>
<testcase name="Global experience smoke tests › EN locale › footer content is reachable and localized" classname="site-smoke.spec.ts" time="0">
<skipped>
</skipped>
</testcase>
<testcase name="Global experience smoke tests › EN locale › language switcher toggles locale" classname="site-smoke.spec.ts" time="0">
<skipped>
</skipped>
</testcase>
<testcase name="Global experience smoke tests › AR locale › homepage renders hero, CTAs, and key navigation" classname="site-smoke.spec.ts" time="0">
<skipped>
</skipped>
</testcase>
<testcase name="Global experience smoke tests › AR locale › footer content is reachable and localized" classname="site-smoke.spec.ts" time="0">
<skipped>
</skipped>
</testcase>
<testcase name="Global experience smoke tests › AR locale › language switcher toggles locale" classname="site-smoke.spec.ts" time="0">
<skipped>
</skipped>
</testcase>
</testsuite>
<testsuite name="solutions.spec.ts" timestamp="2025-11-11T08:57:27.772Z" hostname="Mobile Chrome" tests="14" failures="0" skipped="14" time="0" errors="0">
<testcase name="Solutions experience › EN solutions › solutions overview renders hero and key sections" classname="solutions.spec.ts" time="0">
<skipped>
</skipped>
</testcase>
<testcase name="Solutions experience › EN solutions › solution detail: ai-security" classname="solutions.spec.ts" time="0">
<skipped>
</skipped>
</testcase>
<testcase name="Solutions experience › EN solutions › solution detail: identity-management" classname="solutions.spec.ts" time="0">
<skipped>
</skipped>
</testcase>
<testcase name="Solutions experience › EN solutions › solution detail: zero-trust" classname="solutions.spec.ts" time="0">
<skipped>
</skipped>
</testcase>
<testcase name="Solutions experience › EN solutions › solution detail: cloud-security" classname="solutions.spec.ts" time="0">
<skipped>
</skipped>
</testcase>
<testcase name="Solutions experience › EN solutions › solution detail: network-security" classname="solutions.spec.ts" time="0">
<skipped>
</skipped>
</testcase>
<testcase name="Solutions experience › EN solutions › solution detail: endpoint-security" classname="solutions.spec.ts" time="0">
<skipped>
</skipped>
</testcase>
<testcase name="Solutions experience › AR solutions › solutions overview renders hero and key sections" classname="solutions.spec.ts" time="0">
<skipped>
</skipped>
</testcase>
<testcase name="Solutions experience › AR solutions › solution detail: ai-security" classname="solutions.spec.ts" time="0">
<skipped>
</skipped>
</testcase>
<testcase name="Solutions experience › AR solutions › solution detail: identity-management" classname="solutions.spec.ts" time="0">
<skipped>
</skipped>
</testcase>
<testcase name="Solutions experience › AR solutions › solution detail: zero-trust" classname="solutions.spec.ts" time="0">
<skipped>
</skipped>
</testcase>
<testcase name="Solutions experience › AR solutions › solution detail: cloud-security" classname="solutions.spec.ts" time="0">
<skipped>
</skipped>
</testcase>
<testcase name="Solutions experience › AR solutions › solution detail: network-security" classname="solutions.spec.ts" time="0">
<skipped>
</skipped>
</testcase>
<testcase name="Solutions experience › AR solutions › solution detail: endpoint-security" classname="solutions.spec.ts" time="0">
<skipped>
</skipped>
</testcase>
</testsuite>
<testsuite name="services.spec.ts" timestamp="2025-11-11T08:57:27.772Z" hostname="Mobile Safari" tests="14" failures="0" skipped="14" time="0" errors="0">
<testcase name="Services experience › EN services › services overview renders hero, grid, and CTA content" classname="services.spec.ts" time="0">
<skipped>
</skipped>
</testcase>
<testcase name="Services experience › EN services › service detail: consulting" classname="services.spec.ts" time="0">
<skipped>
</skipped>
</testcase>
<testcase name="Services experience › EN services › service detail: infrastructure" classname="services.spec.ts" time="0">
<skipped>
</skipped>
</testcase>
<testcase name="Services experience › EN services › service detail: resourcing" classname="services.spec.ts" time="0">
<skipped>
</skipped>
</testcase>
<testcase name="Services experience › EN services › service detail: training" classname="services.spec.ts" time="0">
<skipped>
</skipped>
</testcase>
<testcase name="Services experience › EN services › service detail: managed-it" classname="services.spec.ts" time="0">
<skipped>
</skipped>
</testcase>
<testcase name="Services experience › EN services › service detail: devsecops" classname="services.spec.ts" time="0">
<skipped>
</skipped>
</testcase>
<testcase name="Services experience › AR services › services overview renders hero, grid, and CTA content" classname="services.spec.ts" time="0">
<skipped>
</skipped>
</testcase>
<testcase name="Services experience › AR services › service detail: consulting" classname="services.spec.ts" time="0">
<skipped>
</skipped>
</testcase>
<testcase name="Services experience › AR services › service detail: infrastructure" classname="services.spec.ts" time="0">
<skipped>
</skipped>
</testcase>
<testcase name="Services experience › AR services › service detail: resourcing" classname="services.spec.ts" time="0">
<skipped>
</skipped>
</testcase>
<testcase name="Services experience › AR services › service detail: training" classname="services.spec.ts" time="0">
<skipped>
</skipped>
</testcase>
<testcase name="Services experience › AR services › service detail: managed-it" classname="services.spec.ts" time="0">
<skipped>
</skipped>
</testcase>
<testcase name="Services experience › AR services › service detail: devsecops" classname="services.spec.ts" time="0">
<skipped>
</skipped>
</testcase>
</testsuite>
<testsuite name="site-smoke.spec.ts" timestamp="2025-11-11T08:57:27.772Z" hostname="Mobile Safari" tests="6" failures="0" skipped="6" time="0" errors="0">
<testcase name="Global experience smoke tests › EN locale › homepage renders hero, CTAs, and key navigation" classname="site-smoke.spec.ts" time="0">
<skipped>
</skipped>
</testcase>
<testcase name="Global experience smoke tests › EN locale › footer content is reachable and localized" classname="site-smoke.spec.ts" time="0">
<skipped>
</skipped>
</testcase>
<testcase name="Global experience smoke tests › EN locale › language switcher toggles locale" classname="site-smoke.spec.ts" time="0">
<skipped>
</skipped>
</testcase>
<testcase name="Global experience smoke tests › AR locale › homepage renders hero, CTAs, and key navigation" classname="site-smoke.spec.ts" time="0">
<skipped>
</skipped>
</testcase>
<testcase name="Global experience smoke tests › AR locale › footer content is reachable and localized" classname="site-smoke.spec.ts" time="0">
<skipped>
</skipped>
</testcase>
<testcase name="Global experience smoke tests › AR locale › language switcher toggles locale" classname="site-smoke.spec.ts" time="0">
<skipped>
</skipped>
</testcase>
</testsuite>
<testsuite name="solutions.spec.ts" timestamp="2025-11-11T08:57:27.772Z" hostname="Mobile Safari" tests="14" failures="0" skipped="14" time="0" errors="0">
<testcase name="Solutions experience › EN solutions › solutions overview renders hero and key sections" classname="solutions.spec.ts" time="0">
<skipped>
</skipped>
</testcase>
<testcase name="Solutions experience › EN solutions › solution detail: ai-security" classname="solutions.spec.ts" time="0">
<skipped>
</skipped>
</testcase>
<testcase name="Solutions experience › EN solutions › solution detail: identity-management" classname="solutions.spec.ts" time="0">
<skipped>
</skipped>
</testcase>
<testcase name="Solutions experience › EN solutions › solution detail: zero-trust" classname="solutions.spec.ts" time="0">
<skipped>
</skipped>
</testcase>
<testcase name="Solutions experience › EN solutions › solution detail: cloud-security" classname="solutions.spec.ts" time="0">
<skipped>
</skipped>
</testcase>
<testcase name="Solutions experience › EN solutions › solution detail: network-security" classname="solutions.spec.ts" time="0">
<skipped>
</skipped>
</testcase>
<testcase name="Solutions experience › EN solutions › solution detail: endpoint-security" classname="solutions.spec.ts" time="0">
<skipped>
</skipped>
</testcase>
<testcase name="Solutions experience › AR solutions › solutions overview renders hero and key sections" classname="solutions.spec.ts" time="0">
<skipped>
</skipped>
</testcase>
<testcase name="Solutions experience › AR solutions › solution detail: ai-security" classname="solutions.spec.ts" time="0">
<skipped>
</skipped>
</testcase>
<testcase name="Solutions experience › AR solutions › solution detail: identity-management" classname="solutions.spec.ts" time="0">
<skipped>
</skipped>
</testcase>
<testcase name="Solutions experience › AR solutions › solution detail: zero-trust" classname="solutions.spec.ts" time="0">
<skipped>
</skipped>
</testcase>
<testcase name="Solutions experience › AR solutions › solution detail: cloud-security" classname="solutions.spec.ts" time="0">
<skipped>
</skipped>
</testcase>
<testcase name="Solutions experience › AR solutions › solution detail: network-security" classname="solutions.spec.ts" time="0">
<skipped>
</skipped>
</testcase>
<testcase name="Solutions experience › AR solutions › solution detail: endpoint-security" classname="solutions.spec.ts" time="0">
<skipped>
</skipped>
</testcase>
</testsuite>
<testsuite name="services.spec.ts" timestamp="2025-11-11T08:57:27.772Z" hostname="Microsoft Edge" tests="14" failures="0" skipped="14" time="0" errors="0">
<testcase name="Services experience › EN services › services overview renders hero, grid, and CTA content" classname="services.spec.ts" time="0">
<skipped>
</skipped>
</testcase>
<testcase name="Services experience › EN services › service detail: consulting" classname="services.spec.ts" time="0">
<skipped>
</skipped>
</testcase>
<testcase name="Services experience › EN services › service detail: infrastructure" classname="services.spec.ts" time="0">
<skipped>
</skipped>
</testcase>
<testcase name="Services experience › EN services › service detail: resourcing" classname="services.spec.ts" time="0">
<skipped>
</skipped>
</testcase>
<testcase name="Services experience › EN services › service detail: training" classname="services.spec.ts" time="0">
<skipped>
</skipped>
</testcase>
<testcase name="Services experience › EN services › service detail: managed-it" classname="services.spec.ts" time="0">
<skipped>
</skipped>
</testcase>
<testcase name="Services experience › EN services › service detail: devsecops" classname="services.spec.ts" time="0">
<skipped>
</skipped>
</testcase>
<testcase name="Services experience › AR services › services overview renders hero, grid, and CTA content" classname="services.spec.ts" time="0">
<skipped>
</skipped>
</testcase>
<testcase name="Services experience › AR services › service detail: consulting" classname="services.spec.ts" time="0">
<skipped>
</skipped>
</testcase>
<testcase name="Services experience › AR services › service detail: infrastructure" classname="services.spec.ts" time="0">
<skipped>
</skipped>
</testcase>
<testcase name="Services experience › AR services › service detail: resourcing" classname="services.spec.ts" time="0">
<skipped>
</skipped>
</testcase>
<testcase name="Services experience › AR services › service detail: training" classname="services.spec.ts" time="0">
<skipped>
</skipped>
</testcase>
<testcase name="Services experience › AR services › service detail: managed-it" classname="services.spec.ts" time="0">
<skipped>
</skipped>
</testcase>
<testcase name="Services experience › AR services › service detail: devsecops" classname="services.spec.ts" time="0">
<skipped>
</skipped>
</testcase>
</testsuite>
<testsuite name="site-smoke.spec.ts" timestamp="2025-11-11T08:57:27.772Z" hostname="Microsoft Edge" tests="6" failures="0" skipped="6" time="0" errors="0">
<testcase name="Global experience smoke tests › EN locale › homepage renders hero, CTAs, and key navigation" classname="site-smoke.spec.ts" time="0">
<skipped>
</skipped>
</testcase>
<testcase name="Global experience smoke tests › EN locale › footer content is reachable and localized" classname="site-smoke.spec.ts" time="0">
<skipped>
</skipped>
</testcase>
<testcase name="Global experience smoke tests › EN locale › language switcher toggles locale" classname="site-smoke.spec.ts" time="0">
<skipped>
</skipped>
</testcase>
<testcase name="Global experience smoke tests › AR locale › homepage renders hero, CTAs, and key navigation" classname="site-smoke.spec.ts" time="0">
<skipped>
</skipped>
</testcase>
<testcase name="Global experience smoke tests › AR locale › footer content is reachable and localized" classname="site-smoke.spec.ts" time="0">
<skipped>
</skipped>
</testcase>
<testcase name="Global experience smoke tests › AR locale › language switcher toggles locale" classname="site-smoke.spec.ts" time="0">
<skipped>
</skipped>
</testcase>
</testsuite>
<testsuite name="solutions.spec.ts" timestamp="2025-11-11T08:57:27.772Z" hostname="Microsoft Edge" tests="14" failures="0" skipped="14" time="0" errors="0">
<testcase name="Solutions experience › EN solutions › solutions overview renders hero and key sections" classname="solutions.spec.ts" time="0">
<skipped>
</skipped>
</testcase>
<testcase name="Solutions experience › EN solutions › solution detail: ai-security" classname="solutions.spec.ts" time="0">
<skipped>
</skipped>
</testcase>
<testcase name="Solutions experience › EN solutions › solution detail: identity-management" classname="solutions.spec.ts" time="0">
<skipped>
</skipped>
</testcase>
<testcase name="Solutions experience › EN solutions › solution detail: zero-trust" classname="solutions.spec.ts" time="0">
<skipped>
</skipped>
</testcase>
<testcase name="Solutions experience › EN solutions › solution detail: cloud-security" classname="solutions.spec.ts" time="0">
<skipped>
</skipped>
</testcase>
<testcase name="Solutions experience › EN solutions › solution detail: network-security" classname="solutions.spec.ts" time="0">
<skipped>
</skipped>
</testcase>
<testcase name="Solutions experience › EN solutions › solution detail: endpoint-security" classname="solutions.spec.ts" time="0">
<skipped>
</skipped>
</testcase>
<testcase name="Solutions experience › AR solutions › solutions overview renders hero and key sections" classname="solutions.spec.ts" time="0">
<skipped>
</skipped>
</testcase>
<testcase name="Solutions experience › AR solutions › solution detail: ai-security" classname="solutions.spec.ts" time="0">
<skipped>
</skipped>
</testcase>
<testcase name="Solutions experience › AR solutions › solution detail: identity-management" classname="solutions.spec.ts" time="0">
<skipped>
</skipped>
</testcase>
<testcase name="Solutions experience › AR solutions › solution detail: zero-trust" classname="solutions.spec.ts" time="0">
<skipped>
</skipped>
</testcase>
<testcase name="Solutions experience › AR solutions › solution detail: cloud-security" classname="solutions.spec.ts" time="0">
<skipped>
</skipped>
</testcase>
<testcase name="Solutions experience › AR solutions › solution detail: network-security" classname="solutions.spec.ts" time="0">
<skipped>
</skipped>
</testcase>
<testcase name="Solutions experience › AR solutions › solution detail: endpoint-security" classname="solutions.spec.ts" time="0">
<skipped>
</skipped>
</testcase>
</testsuite>
<testsuite name="services.spec.ts" timestamp="2025-11-11T08:57:27.772Z" hostname="Google Chrome" tests="14" failures="0" skipped="14" time="0" errors="0">
<testcase name="Services experience › EN services › services overview renders hero, grid, and CTA content" classname="services.spec.ts" time="0">
<skipped>
</skipped>
</testcase>
<testcase name="Services experience › EN services › service detail: consulting" classname="services.spec.ts" time="0">
<skipped>
</skipped>
</testcase>
<testcase name="Services experience › EN services › service detail: infrastructure" classname="services.spec.ts" time="0">
<skipped>
</skipped>
</testcase>
<testcase name="Services experience › EN services › service detail: resourcing" classname="services.spec.ts" time="0">
<skipped>
</skipped>
</testcase>
<testcase name="Services experience › EN services › service detail: training" classname="services.spec.ts" time="0">
<skipped>
</skipped>
</testcase>
<testcase name="Services experience › EN services › service detail: managed-it" classname="services.spec.ts" time="0">
<skipped>
</skipped>
</testcase>
<testcase name="Services experience › EN services › service detail: devsecops" classname="services.spec.ts" time="0">
<skipped>
</skipped>
</testcase>
<testcase name="Services experience › AR services › services overview renders hero, grid, and CTA content" classname="services.spec.ts" time="0">
<skipped>
</skipped>
</testcase>
<testcase name="Services experience › AR services › service detail: consulting" classname="services.spec.ts" time="0">
<skipped>
</skipped>
</testcase>
<testcase name="Services experience › AR services › service detail: infrastructure" classname="services.spec.ts" time="0">
<skipped>
</skipped>
</testcase>
<testcase name="Services experience › AR services › service detail: resourcing" classname="services.spec.ts" time="0">
<skipped>
</skipped>
</testcase>
<testcase name="Services experience › AR services › service detail: training" classname="services.spec.ts" time="0">
<skipped>
</skipped>
</testcase>
<testcase name="Services experience › AR services › service detail: managed-it" classname="services.spec.ts" time="0">
<skipped>
</skipped>
</testcase>
<testcase name="Services experience › AR services › service detail: devsecops" classname="services.spec.ts" time="0">
<skipped>
</skipped>
</testcase>
</testsuite>
<testsuite name="site-smoke.spec.ts" timestamp="2025-11-11T08:57:27.772Z" hostname="Google Chrome" tests="6" failures="0" skipped="6" time="0" errors="0">
<testcase name="Global experience smoke tests › EN locale › homepage renders hero, CTAs, and key navigation" classname="site-smoke.spec.ts" time="0">
<skipped>
</skipped>
</testcase>
<testcase name="Global experience smoke tests › EN locale › footer content is reachable and localized" classname="site-smoke.spec.ts" time="0">
<skipped>
</skipped>
</testcase>
<testcase name="Global experience smoke tests › EN locale › language switcher toggles locale" classname="site-smoke.spec.ts" time="0">
<skipped>
</skipped>
</testcase>
<testcase name="Global experience smoke tests › AR locale › homepage renders hero, CTAs, and key navigation" classname="site-smoke.spec.ts" time="0">
<skipped>
</skipped>
</testcase>
<testcase name="Global experience smoke tests › AR locale › footer content is reachable and localized" classname="site-smoke.spec.ts" time="0">
<skipped>
</skipped>
</testcase>
<testcase name="Global experience smoke tests › AR locale › language switcher toggles locale" classname="site-smoke.spec.ts" time="0">
<skipped>
</skipped>
</testcase>
</testsuite>
<testsuite name="solutions.spec.ts" timestamp="2025-11-11T08:57:27.772Z" hostname="Google Chrome" tests="14" failures="0" skipped="14" time="0" errors="0">
<testcase name="Solutions experience › EN solutions › solutions overview renders hero and key sections" classname="solutions.spec.ts" time="0">
<skipped>
</skipped>
</testcase>
<testcase name="Solutions experience › EN solutions › solution detail: ai-security" classname="solutions.spec.ts" time="0">
<skipped>
</skipped>
</testcase>
<testcase name="Solutions experience › EN solutions › solution detail: identity-management" classname="solutions.spec.ts" time="0">
<skipped>
</skipped>
</testcase>
<testcase name="Solutions experience › EN solutions › solution detail: zero-trust" classname="solutions.spec.ts" time="0">
<skipped>
</skipped>
</testcase>
<testcase name="Solutions experience › EN solutions › solution detail: cloud-security" classname="solutions.spec.ts" time="0">
<skipped>
</skipped>
</testcase>
<testcase name="Solutions experience › EN solutions › solution detail: network-security" classname="solutions.spec.ts" time="0">
<skipped>
</skipped>
</testcase>
<testcase name="Solutions experience › EN solutions › solution detail: endpoint-security" classname="solutions.spec.ts" time="0">
<skipped>
</skipped>
</testcase>
<testcase name="Solutions experience › AR solutions › solutions overview renders hero and key sections" classname="solutions.spec.ts" time="0">
<skipped>
</skipped>
</testcase>
<testcase name="Solutions experience › AR solutions › solution detail: ai-security" classname="solutions.spec.ts" time="0">
<skipped>
</skipped>
</testcase>
<testcase name="Solutions experience › AR solutions › solution detail: identity-management" classname="solutions.spec.ts" time="0">
<skipped>
</skipped>
</testcase>
<testcase name="Solutions experience › AR solutions › solution detail: zero-trust" classname="solutions.spec.ts" time="0">
<skipped>
</skipped>
</testcase>
<testcase name="Solutions experience › AR solutions › solution detail: cloud-security" classname="solutions.spec.ts" time="0">
<skipped>
</skipped>
</testcase>
<testcase name="Solutions experience › AR solutions › solution detail: network-security" classname="solutions.spec.ts" time="0">
<skipped>
</skipped>
</testcase>
<testcase name="Solutions experience › AR solutions › solution detail: endpoint-security" classname="solutions.spec.ts" time="0">
<skipped>
</skipped>
</testcase>
</testsuite>
</testsuites>